../Core/Src/main.c:70:6:send_deftask	40	static
../Core/Src/main.c:76:6:send_task02	40	static
../Core/Src/main.c:82:6:send_task03	40	static
../Core/Src/main.c:95:5:main	160	static
../Core/Src/main.c:190:6:SystemClock_Config	88	static
../Core/Src/main.c:237:13:MX_USART2_UART_Init	8	static
../Core/Src/main.c:270:13:MX_GPIO_Init	40	static
../Core/Src/main.c:307:6:StartTask05	16	static
../Core/Src/main.c:328:6:StartDefaultTask	16	static
../Core/Src/main.c:348:6:StartTask02	16	static
../Core/Src/main.c:368:6:StartTask03	16	static
../Core/Src/main.c:388:6:StartTask04	16	static
../Core/Src/main.c:408:6:HAL_TIM_PeriodElapsedCallback	16	static
../Core/Src/main.c:425:6:Error_Handler	4	static,ignoring_inline_asm
