../Core/Src/main.c:86:5:main	24	static
../Core/Src/main.c:155:6:SystemClock_Config	88	static
../Core/Src/main.c:202:13:MX_USART2_UART_Init	8	static
../Core/Src/main.c:235:13:MX_GPIO_Init	40	static
../Core/Src/main.c:261:6:Sender_HPT_Task	32	static
../Core/Src/main.c:276:6:Sender_LPT_Task	32	static
../Core/Src/main.c:296:6:Receiver_Task	128	static
../Core/Src/main.c:317:6:HAL_UART_RxCpltCallback	24	static,ignoring_inline_asm
../Core/Src/main.c:352:6:HAL_TIM_PeriodElapsedCallback	16	static
../Core/Src/main.c:369:6:Error_Handler	4	static,ignoring_inline_asm
