../Drivers/CMSIS/Include/core_cm4.h:2064:26:ITM_SendChar	16	static,ignoring_inline_asm
../Core/Src/main.c:65:5:_write	32	static
../Core/Src/main.c:79:5:main	72	static
../Core/Src/main.c:156:6:SystemClock_Config	88	static
../Core/Src/main.c:203:13:MX_USART2_UART_Init	8	static
../Core/Src/main.c:236:13:MX_GPIO_Init	16	static
../Core/Src/main.c:260:6:StartDefaultTask	16	static
../Core/Src/main.c:279:6:StartTask02	24	static
../Core/Src/main.c:319:6:HAL_TIM_PeriodElapsedCallback	16	static
../Core/Src/main.c:336:6:Error_Handler	4	static,ignoring_inline_asm
