../Core/Src/main.c:93:5:main	16	static
../Core/Src/main.c:149:6:SystemClock_Config	88	static
../Core/Src/main.c:191:13:MX_USART2_UART_Init	8	static
../Core/Src/main.c:224:13:MX_GPIO_Init	40	static
../Core/Src/main.c:256:6:HPT_Task	200	static
../Core/Src/main.c:294:6:LPT_Task	192	static
../Core/Src/main.c:320:6:MPT_Task	192	static
../Core/Src/main.c:346:6:VLPT_Task	192	static
../Core/Src/main.c:372:6:HAL_UART_RxCpltCallback	24	static,ignoring_inline_asm
../Core/Src/main.c:407:6:HAL_TIM_PeriodElapsedCallback	16	static
../Core/Src/main.c:424:6:Error_Handler	4	static,ignoring_inline_asm
