16:04:29 **** Incremental Build of configuration Debug for project FreeRTOS_102 ****
make -j16 all 
arm-none-eabi-gcc "../Core/Src/main.c" -mcpu=cortex-m4 -std=gnu11 -g3 -DDEBUG -DUSE_HAL_DRIVER -DSTM32F407xx -c -I../Core/Inc -I../Drivers/STM32F4xx_HAL_Driver/Inc -I../Drivers/STM32F4xx_HAL_Driver/Inc/Legacy -I../Drivers/CMSIS/Device/ST/STM32F4xx/Include -I../Drivers/CMSIS/Include -I../Middlewares/Third_Party/FreeRTOS/Source/include -I../Middlewares/Third_Party/FreeRTOS/Source/CMSIS_RTOS -I../Middlewares/Third_Party/FreeRTOS/Source/portable/GCC/ARM_CM4F -O0 -ffunction-sections -fdata-sections -Wall -fstack-usage -fcyclomatic-complexity -MMD -MP -MF"Core/Src/main.d" -MT"Core/Src/main.o" --specs=nano.specs -mfpu=fpv4-sp-d16 -mfloat-abi=hard -mthumb -o "Core/Src/main.o"
arm-none-eabi-gcc -o "FreeRTOS_102.elf" @"objects.list"   -mcpu=cortex-m4 -T"C:\Users\vinee\STM32CubeIDE\workspace_1.13.1\FreeRTOS_102\STM32F407VGTX_FLASH.ld" --specs=nosys.specs -Wl,-Map="FreeRTOS_102.map" -Wl,--gc-sections -static --specs=nano.specs -mfpu=fpv4-sp-d16 -mfloat-abi=hard -mthumb -Wl,--start-group -lc -lm -Wl,--end-group
Finished building target: FreeRTOS_102.elf
 
arm-none-eabi-size   FreeRTOS_102.elf 
arm-none-eabi-objdump -h -S  FreeRTOS_102.elf  > "FreeRTOS_102.list"
   text	   data	    bss	    dec	    hex	filename
  19864	    116	  18428	  38408	   9608	FreeRTOS_102.elf
Finished building: default.size.stdout
 
Finished building: FreeRTOS_102.list
 

16:04:30 Build Finished. 0 errors, 0 warnings. (took 766ms)

