04:32:21 **** Incremental Build of configuration Debug for project StructureQueue ****
make -j16 all 
arm-none-eabi-gcc "../Core/Src/main.c" -mcpu=cortex-m4 -std=gnu11 -g3 -DDEBUG -DUSE_HAL_DRIVER -DSTM32F407xx -c -I../Core/Inc -I../Drivers/STM32F4xx_HAL_Driver/Inc -I../Drivers/STM32F4xx_HAL_Driver/Inc/Legacy -I../Drivers/CMSIS/Device/ST/STM32F4xx/Include -I../Drivers/CMSIS/Include -I../Middlewares/Third_Party/FreeRTOS/Source/include -I../Middlewares/Third_Party/FreeRTOS/Source/CMSIS_RTOS -I../Middlewares/Third_Party/FreeRTOS/Source/portable/GCC/ARM_CM4F -O0 -ffunction-sections -fdata-sections -Wall -fstack-usage -fcyclomatic-complexity -MMD -MP -MF"Core/Src/main.d" -MT"Core/Src/main.o" --specs=nano.specs -mfpu=fpv4-sp-d16 -mfloat-abi=hard -mthumb -o "Core/Src/main.o"
arm-none-eabi-gcc -o "StructureQueue.elf" @"objects.list"   -mcpu=cortex-m4 -T"C:\Users\vinee\STM32CubeIDE\workspace_1.13.1\StructureQueue\STM32F407VGTX_FLASH.ld" --specs=nosys.specs -Wl,-Map="StructureQueue.map" -Wl,--gc-sections -static --specs=nano.specs -mfpu=fpv4-sp-d16 -mfloat-abi=hard -mthumb -Wl,--start-group -lc -lm -Wl,--end-group
Finished building target: StructureQueue.elf
 
arm-none-eabi-size   StructureQueue.elf 
arm-none-eabi-objdump -h -S  StructureQueue.elf  > "StructureQueue.list"
   text	   data	    bss	    dec	    hex	filename
  24112	    104	  18440	  42656	   a6a0	StructureQueue.elf
Finished building: default.size.stdout
 
Finished building: StructureQueue.list
 
04:32:25 **** Incremental Build of configuration Debug for project StructureQueue ****
make -j16 all 
arm-none-eabi-size   StructureQueue.elf 
   text	   data	    bss	    dec	    hex	filename
  24112	    104	  18440	  42656	   a6a0	StructureQueue.elf
Finished building: default.size.stdout
 
