02:24:39 **** Incremental Build of configuration Debug for project SimpleQueue ****
make -j16 all 
arm-none-eabi-gcc "../Core/Src/main.c" -mcpu=cortex-m4 -std=gnu11 -g3 -DDEBUG -DUSE_HAL_DRIVER -DSTM32F407xx -c -I../Core/Inc -I../Drivers/STM32F4xx_HAL_Driver/Inc -I../Drivers/STM32F4xx_HAL_Driver/Inc/Legacy -I../Drivers/CMSIS/Device/ST/STM32F4xx/Include -I../Drivers/CMSIS/Include -I../Middlewares/Third_Party/FreeRTOS/Source/include -I../Middlewares/Third_Party/FreeRTOS/Source/CMSIS_RTOS -I../Middlewares/Third_Party/FreeRTOS/Source/portable/GCC/ARM_CM4F -O0 -ffunction-sections -fdata-sections -Wall -fstack-usage -fcyclomatic-complexity -MMD -MP -MF"Core/Src/main.d" -MT"Core/Src/main.o" --specs=nano.specs -mfpu=fpv4-sp-d16 -mfloat-abi=hard -mthumb -o "Core/Src/main.o"
arm-none-eabi-gcc -o "SimpleQueue.elf" @"objects.list"   -mcpu=cortex-m4 -T"C:\Users\vinee\STM32CubeIDE\workspace_1.13.1\SimpleQueue\STM32F407VGTX_FLASH.ld" --specs=nosys.specs -Wl,-Map="SimpleQueue.map" -Wl,--gc-sections -static --specs=nano.specs -mfpu=fpv4-sp-d16 -mfloat-abi=hard -mthumb -Wl,--start-group -lc -lm -Wl,--end-group
Finished building target: SimpleQueue.elf
 
arm-none-eabi-size   SimpleQueue.elf 
arm-none-eabi-objdump -h -S  SimpleQueue.elf  > "SimpleQueue.list"
   text	   data	    bss	    dec	    hex	filename
  24624	    104	  18432	  43160	   a898	SimpleQueue.elf
Finished building: default.size.stdout
 
Finished building: SimpleQueue.list
 

02:24:40 Build Finished. 0 errors, 0 warnings. (took 864ms)

